[GoForward (Raw 100), TurnRight (Raw 90), GoForward (Raw 20), TurnRight (Raw 90), GoForward (Raw 100), TurnLeft (Raw 90), GoBackward (Raw 50)]