[GoForward (Raw 30.5), TurnRight (Raw 140.2), GoBackward (Raw 200.6)]