[Repeat (Raw 4) [GoForward (Raw 100), TurnRight (Raw 90)]]