[Repeat (Raw 5) [ Repeat (Raw 3) [ GoForward (Raw 10) ], TurnRight (Raw 90) ]]