[GoForward (Raw 100), PenUp, GoForward (Raw 100), PenDown, GoForward (Raw 100)]